{ Syntax.v =
  (Syntax.Array
     [{ Syntax.v = (Syntax.Number 1.);
        loc =
        { Syntax.fname = "test/cases/parse/array_single.in";
          ran =
          (Some { Syntax.startpos = { Syntax.line = 1; column = 1 };
                  endpos = { Syntax.line = 1; column = 2 } })
          }
        }
       ]);
  loc =
  { Syntax.fname = "test/cases/parse/array_single.in";
    ran =
    (Some { Syntax.startpos = { Syntax.line = 1; column = 0 };
            endpos = { Syntax.line = 1; column = 3 } })
    }
  }