{ Syntax.v =
  (Syntax.ArraySlice
     ({ Syntax.v = (Syntax.Var "x");
        loc =
        { Syntax.fname = "test/cases/parse/array_slice1.in";
          ran =
          (Some { Syntax.startpos = { Syntax.line = 1; column = 0 };
                  endpos = { Syntax.line = 1; column = 1 } })
          }
        },
      None, None, None));
  loc =
  { Syntax.fname = "test/cases/parse/array_slice1.in";
    ran =
    (Some { Syntax.startpos = { Syntax.line = 1; column = 0 };
            endpos = { Syntax.line = 1; column = 5 } })
    }
  }