{ Syntax.v =
  (Syntax.ArraySlice
     ({ Syntax.v = (Syntax.Array []);
        loc =
        (Some { Syntax.startpos =
                { Syntax.fname = "test/cases/parse/array_slice8.in";
                  line = 1; column = 0 };
                endpos =
                { Syntax.fname = "test/cases/parse/array_slice8.in";
                  line = 1; column = 2 }
                })
        },
      (Some { Syntax.v = (Syntax.Number 1.);
              loc =
              (Some { Syntax.startpos =
                      { Syntax.fname = "test/cases/parse/array_slice8.in";
                        line = 1; column = 11 };
                      endpos =
                      { Syntax.fname = "test/cases/parse/array_slice8.in";
                        line = 1; column = 12 }
                      })
              }),
      None, None));
  loc =
  (Some { Syntax.startpos =
          { Syntax.fname = "test/cases/parse/array_slice8.in"; line = 1;
            column = 0 };
          endpos =
          { Syntax.fname = "test/cases/parse/array_slice8.in"; line = 1;
            column = 29 }
          })
  }