{ Syntax.v =
  (Syntax.ArraySlice
     ({ Syntax.v = (Syntax.Var "x");
        loc =
        (Some { Syntax.startpos =
                { Syntax.fname = "test/cases/parse/array_slice3.in";
                  line = 1; column = 0 };
                endpos =
                { Syntax.fname = "test/cases/parse/array_slice3.in";
                  line = 1; column = 1 }
                })
        },
      None,
      (Some { Syntax.v = (Syntax.Number 0.);
              loc =
              (Some { Syntax.startpos =
                      { Syntax.fname = "test/cases/parse/array_slice3.in";
                        line = 1; column = 3 };
                      endpos =
                      { Syntax.fname = "test/cases/parse/array_slice3.in";
                        line = 1; column = 4 }
                      })
              }),
      None));
  loc =
  (Some { Syntax.startpos =
          { Syntax.fname = "test/cases/parse/array_slice3.in"; line = 1;
            column = 0 };
          endpos =
          { Syntax.fname = "test/cases/parse/array_slice3.in"; line = 1;
            column = 6 }
          })
  }