{ Syntax.v =
  (Syntax.ArrayIndex
     ({ Syntax.v =
        (Syntax.Array
           [{ Syntax.v = (Syntax.String "a");
              loc =
              (Some { Syntax.startpos =
                      { Syntax.fname =
                        "test/cases/parse/array_index_immediate.in";
                        line = 1; column = 1 };
                      endpos =
                      { Syntax.fname =
                        "test/cases/parse/array_index_immediate.in";
                        line = 1; column = 4 }
                      })
              }
             ]);
        loc =
        (Some { Syntax.startpos =
                { Syntax.fname = "test/cases/parse/array_index_immediate.in";
                  line = 1; column = 0 };
                endpos =
                { Syntax.fname = "test/cases/parse/array_index_immediate.in";
                  line = 1; column = 5 }
                })
        },
      { Syntax.v = (Syntax.Number 0.);
        loc =
        (Some { Syntax.startpos =
                { Syntax.fname = "test/cases/parse/array_index_immediate.in";
                  line = 1; column = 6 };
                endpos =
                { Syntax.fname = "test/cases/parse/array_index_immediate.in";
                  line = 1; column = 7 }
                })
        }));
  loc =
  (Some { Syntax.startpos =
          { Syntax.fname = "test/cases/parse/array_index_immediate.in";
            line = 1; column = 0 };
          endpos =
          { Syntax.fname = "test/cases/parse/array_index_immediate.in";
            line = 1; column = 8 }
          })
  }