{ Syntax.v =
  (Syntax.ArraySlice
     ({ Syntax.v = (Syntax.Array []);
        loc =
        { Syntax.fname = "test/cases/parse/array_slice8.in";
          ran =
          (Some { Syntax.startpos = { Syntax.line = 1; column = 0 };
                  endpos = { Syntax.line = 1; column = 2 } })
          }
        },
      (Some { Syntax.v = (Syntax.Number 1.);
              loc =
              { Syntax.fname = "test/cases/parse/array_slice8.in";
                ran =
                (Some { Syntax.startpos = { Syntax.line = 1; column = 11 };
                        endpos = { Syntax.line = 1; column = 12 } })
                }
              }),
      None, None));
  loc =
  { Syntax.fname = "test/cases/parse/array_slice8.in";
    ran =
    (Some { Syntax.startpos = { Syntax.line = 1; column = 0 };
            endpos = { Syntax.line = 1; column = 29 } })
    }
  }