{ Syntax.v =
  (Syntax.Assert
     ({ Syntax.v =
        ({ Syntax.v =
           (Syntax.Binary
              ({ Syntax.v = (Syntax.Var "x");
                 loc =
                 { Syntax.fname = "test/cases/parse/assert_no_msg.in";
                   ran =
                   (Some { Syntax.startpos = { Syntax.line = 1; column = 7 };
                           endpos = { Syntax.line = 1; column = 8 } })
                   }
                 },
               `Equal,
               { Syntax.v = (Syntax.Number 3.);
                 loc =
                 { Syntax.fname = "test/cases/parse/assert_no_msg.in";
                   ran =
                   (Some { Syntax.startpos = { Syntax.line = 1; column = 12 };
                           endpos = { Syntax.line = 1; column = 15 } })
                   }
                 }));
           loc =
           { Syntax.fname = "test/cases/parse/assert_no_msg.in";
             ran =
             (Some { Syntax.startpos = { Syntax.line = 1; column = 7 };
                     endpos = { Syntax.line = 1; column = 15 } })
             }
           },
         None);
        loc =
        { Syntax.fname = "test/cases/parse/assert_no_msg.in";
          ran =
          (Some { Syntax.startpos = { Syntax.line = 1; column = 0 };
                  endpos = { Syntax.line = 1; column = 15 } })
          }
        },
      { Syntax.v = (Syntax.Number 0.);
        loc =
        { Syntax.fname = "test/cases/parse/assert_no_msg.in";
          ran =
          (Some { Syntax.startpos = { Syntax.line = 1; column = 17 };
                  endpos = { Syntax.line = 1; column = 20 } })
          }
        }));
  loc =
  { Syntax.fname = "test/cases/parse/assert_no_msg.in";
    ran =
    (Some { Syntax.startpos = { Syntax.line = 1; column = 0 };
            endpos = { Syntax.line = 1; column = 20 } })
    }
  }