{ Syntax.v =
  (Syntax.ObjectSeq
     ({ Syntax.v =
        (Syntax.Object
           (Syntax.ObjectMemberList
              [(Syntax.MemberField
                  (Syntax.Field
                     ((Syntax.FieldnameID
                         { Syntax.v = "x";
                           loc =
                           { Syntax.fname =
                             "test/cases/parse/binary_add_implicit.in";
                             ran =
                             (Some { Syntax.startpos =
                                     { Syntax.line = 1; column = 1 };
                                     endpos = { Syntax.line = 1; column = 2 }
                                     })
                             }
                           }),
                      false, (Syntax.H 1),
                      { Syntax.v = (Syntax.String "a");
                        loc =
                        { Syntax.fname =
                          "test/cases/parse/binary_add_implicit.in";
                          ran =
                          (Some { Syntax.startpos =
                                  { Syntax.line = 1; column = 4 };
                                  endpos = { Syntax.line = 1; column = 7 } })
                          }
                        })))
                ]));
        loc =
        { Syntax.fname = "test/cases/parse/binary_add_implicit.in";
          ran =
          (Some { Syntax.startpos = { Syntax.line = 1; column = 0 };
                  endpos = { Syntax.line = 1; column = 8 } })
          }
        },
      (Syntax.ObjectMemberList
         [(Syntax.MemberField
             (Syntax.Field
                ((Syntax.FieldnameID
                    { Syntax.v = "y";
                      loc =
                      { Syntax.fname =
                        "test/cases/parse/binary_add_implicit.in";
                        ran =
                        (Some { Syntax.startpos =
                                { Syntax.line = 1; column = 10 };
                                endpos = { Syntax.line = 1; column = 11 } })
                        }
                      }),
                 false, (Syntax.H 1),
                 { Syntax.v =
                   (Syntax.InSuper
                      { Syntax.v = (Syntax.String "x");
                        loc =
                        { Syntax.fname =
                          "test/cases/parse/binary_add_implicit.in";
                          ran =
                          (Some { Syntax.startpos =
                                  { Syntax.line = 1; column = 13 };
                                  endpos = { Syntax.line = 1; column = 16 } })
                          }
                        });
                   loc =
                   { Syntax.fname = "test/cases/parse/binary_add_implicit.in";
                     ran =
                     (Some { Syntax.startpos =
                             { Syntax.line = 1; column = 13 };
                             endpos = { Syntax.line = 1; column = 25 } })
                     }
                   })))
           ])));
  loc =
  { Syntax.fname = "test/cases/parse/binary_add_implicit.in";
    ran =
    (Some { Syntax.startpos = { Syntax.line = 1; column = 0 };
            endpos = { Syntax.line = 1; column = 26 } })
    }
  }