{ Syntax.v =
  (Syntax.Binary
     ({ Syntax.v = (Syntax.Number 1.);
        loc =
        { Syntax.fname = "test/cases/parse/binary_simple1.in";
          ran =
          (Some { Syntax.startpos = { Syntax.line = 1; column = 0 };
                  endpos = { Syntax.line = 1; column = 1 } })
          }
        },
      `Add,
      { Syntax.v =
        (Syntax.Binary
           ({ Syntax.v = (Syntax.Number 1.);
              loc =
              { Syntax.fname = "test/cases/parse/binary_simple1.in";
                ran =
                (Some { Syntax.startpos = { Syntax.line = 1; column = 2 };
                        endpos = { Syntax.line = 1; column = 3 } })
                }
              },
            `Mult,
            { Syntax.v = (Syntax.Number 1.);
              loc =
              { Syntax.fname = "test/cases/parse/binary_simple1.in";
                ran =
                (Some { Syntax.startpos = { Syntax.line = 1; column = 4 };
                        endpos = { Syntax.line = 1; column = 5 } })
                }
              }));
        loc =
        { Syntax.fname = "test/cases/parse/binary_simple1.in";
          ran =
          (Some { Syntax.startpos = { Syntax.line = 1; column = 2 };
                  endpos = { Syntax.line = 1; column = 5 } })
          }
        }));
  loc =
  { Syntax.fname = "test/cases/parse/binary_simple1.in";
    ran =
    (Some { Syntax.startpos = { Syntax.line = 1; column = 0 };
            endpos = { Syntax.line = 1; column = 5 } })
    }
  }