{ Syntax.v =
  (Syntax.Call
     ({ Syntax.v = (Syntax.Var "x");
        loc =
        { Syntax.fname = "test/cases/parse/call_named_arg3.in";
          ran =
          (Some { Syntax.startpos = { Syntax.line = 1; column = 0 };
                  endpos = { Syntax.line = 1; column = 1 } })
          }
        },
      ([],
       [("a",
         { Syntax.v = (Syntax.Var "b");
           loc =
           { Syntax.fname = "test/cases/parse/call_named_arg3.in";
             ran =
             (Some { Syntax.startpos = { Syntax.line = 1; column = 4 };
                     endpos = { Syntax.line = 1; column = 5 } })
             }
           });
         ("c",
          { Syntax.v = (Syntax.Var "d");
            loc =
            { Syntax.fname = "test/cases/parse/call_named_arg3.in";
              ran =
              (Some { Syntax.startpos = { Syntax.line = 1; column = 8 };
                      endpos = { Syntax.line = 1; column = 9 } })
              }
            })
         ]),
      false));
  loc =
  { Syntax.fname = "test/cases/parse/call_named_arg3.in";
    ran =
    (Some { Syntax.startpos = { Syntax.line = 1; column = 0 };
            endpos = { Syntax.line = 1; column = 10 } })
    }
  }