{ Syntax.v =
  (Syntax.Call
     ({ Syntax.v =
        (Syntax.Select
           ({ Syntax.v = (Syntax.Var "std");
              loc =
              { Syntax.fname = "test/cases/parse/call_named_arg6.in";
                ran =
                (Some { Syntax.startpos = { Syntax.line = 1; column = 0 };
                        endpos = { Syntax.line = 1; column = 3 } })
                }
              },
            "x"));
        loc =
        { Syntax.fname = "test/cases/parse/call_named_arg6.in";
          ran =
          (Some { Syntax.startpos = { Syntax.line = 1; column = 0 };
                  endpos = { Syntax.line = 1; column = 5 } })
          }
        },
      ([{ Syntax.v = (Syntax.Var "a");
          loc =
          { Syntax.fname = "test/cases/parse/call_named_arg6.in";
            ran =
            (Some { Syntax.startpos = { Syntax.line = 1; column = 6 };
                    endpos = { Syntax.line = 1; column = 7 } })
            }
          }
         ],
       [("b",
         { Syntax.v = (Syntax.Var "c");
           loc =
           { Syntax.fname = "test/cases/parse/call_named_arg6.in";
             ran =
             (Some { Syntax.startpos = { Syntax.line = 1; column = 11 };
                     endpos = { Syntax.line = 1; column = 12 } })
             }
           })
         ]),
      false));
  loc =
  { Syntax.fname = "test/cases/parse/call_named_arg6.in";
    ran =
    (Some { Syntax.startpos = { Syntax.line = 1; column = 0 };
            endpos = { Syntax.line = 1; column = 13 } })
    }
  }