{ Syntax.v =
  (Syntax.Call
     ({ Syntax.v = (Syntax.Var "x");
        loc =
        (Some { Syntax.startpos =
                { Syntax.fname = "test/cases/parse/call_empty_args.in";
                  line = 1; column = 0 };
                endpos =
                { Syntax.fname = "test/cases/parse/call_empty_args.in";
                  line = 1; column = 1 }
                })
        },
      ([], []), false));
  loc =
  (Some { Syntax.startpos =
          { Syntax.fname = "test/cases/parse/call_empty_args.in"; line = 1;
            column = 0 };
          endpos =
          { Syntax.fname = "test/cases/parse/call_empty_args.in"; line = 1;
            column = 3 }
          })
  }