{ Syntax.v =
  (Syntax.Error
     { Syntax.v =
       (Syntax.Binary
          ({ Syntax.v = (Syntax.String "%d");
             loc =
             { Syntax.fname = "test/cases/parse/error.in";
               ran =
               (Some { Syntax.startpos = { Syntax.line = 1; column = 6 };
                       endpos = { Syntax.line = 1; column = 10 } })
               }
             },
           `Mod,
           { Syntax.v = (Syntax.Number 3.);
             loc =
             { Syntax.fname = "test/cases/parse/error.in";
               ran =
               (Some { Syntax.startpos = { Syntax.line = 1; column = 13 };
                       endpos = { Syntax.line = 1; column = 14 } })
               }
             }));
       loc =
       { Syntax.fname = "test/cases/parse/error.in";
         ran =
         (Some { Syntax.startpos = { Syntax.line = 1; column = 6 };
                 endpos = { Syntax.line = 1; column = 14 } })
         }
       });
  loc =
  { Syntax.fname = "test/cases/parse/error.in";
    ran =
    (Some { Syntax.startpos = { Syntax.line = 1; column = 0 };
            endpos = { Syntax.line = 1; column = 14 } })
    }
  }