{ Syntax.v =
  (Syntax.Function
     ([],
      { Syntax.v = (Syntax.Number 1.);
        loc =
        { Syntax.fname = "test/cases/parse/function_simple.in";
          ran =
          (Some { Syntax.startpos = { Syntax.line = 1; column = 11 };
                  endpos = { Syntax.line = 1; column = 14 } })
          }
        }));
  loc =
  { Syntax.fname = "test/cases/parse/function_simple.in";
    ran =
    (Some { Syntax.startpos = { Syntax.line = 1; column = 0 };
            endpos = { Syntax.line = 1; column = 14 } })
    }
  }