{ Syntax.v =
  (Syntax.Function
     ([],
      { Syntax.v = (Syntax.Number 1.);
        loc =
        (Some { Syntax.startpos =
                { Syntax.fname = "test/cases/parse/function_simple.in";
                  line = 1; column = 11 };
                endpos =
                { Syntax.fname = "test/cases/parse/function_simple.in";
                  line = 1; column = 14 }
                })
        }));
  loc =
  (Some { Syntax.startpos =
          { Syntax.fname = "test/cases/parse/function_simple.in"; line = 1;
            column = 0 };
          endpos =
          { Syntax.fname = "test/cases/parse/function_simple.in"; line = 1;
            column = 14 }
          })
  }