{ Syntax.v =
  (Syntax.Function
     ([("x", None);
        ("y",
         (Some { Syntax.v = (Syntax.Number 1.);
                 loc =
                 { Syntax.fname = "test/cases/parse/function_complex.in";
                   ran =
                   (Some { Syntax.startpos = { Syntax.line = 1; column = 14 };
                           endpos = { Syntax.line = 1; column = 17 } })
                   }
                 }))
        ],
      { Syntax.v =
        (Syntax.Binary
           ({ Syntax.v = (Syntax.Var "x");
              loc =
              { Syntax.fname = "test/cases/parse/function_complex.in";
                ran =
                (Some { Syntax.startpos = { Syntax.line = 1; column = 19 };
                        endpos = { Syntax.line = 1; column = 20 } })
                }
              },
            `Add,
            { Syntax.v = (Syntax.Var "y");
              loc =
              { Syntax.fname = "test/cases/parse/function_complex.in";
                ran =
                (Some { Syntax.startpos = { Syntax.line = 1; column = 21 };
                        endpos = { Syntax.line = 1; column = 22 } })
                }
              }));
        loc =
        { Syntax.fname = "test/cases/parse/function_complex.in";
          ran =
          (Some { Syntax.startpos = { Syntax.line = 1; column = 19 };
                  endpos = { Syntax.line = 1; column = 22 } })
          }
        }));
  loc =
  { Syntax.fname = "test/cases/parse/function_complex.in";
    ran =
    (Some { Syntax.startpos = { Syntax.line = 1; column = 0 };
            endpos = { Syntax.line = 1; column = 22 } })
    }
  }