{ Syntax.v = (Syntax.Importbin "foo");
  loc =
  (Some { Syntax.startpos =
          { Syntax.fname = "test/cases/parse/import_bin.in"; line = 1;
            column = 0 };
          endpos =
          { Syntax.fname = "test/cases/parse/import_bin.in"; line = 1;
            column = 15 }
          })
  }