{ Syntax.v =
  (Syntax.Object
     (Syntax.ObjectMemberList
        [(Syntax.MemberObjlocal
            (Syntax.Bind
               ("a",
                { Syntax.v = (Syntax.String "b");
                  loc =
                  { Syntax.fname = "test/cases/parse/object_complex2.in";
                    ran =
                    (Some { Syntax.startpos =
                            { Syntax.line = 2; column = 12 };
                            endpos = { Syntax.line = 2; column = 15 } })
                    }
                  })));
          (Syntax.MemberField
             (Syntax.Field
                ((Syntax.FieldnameExpr
                    { Syntax.v = (Syntax.String "foo");
                      loc =
                      { Syntax.fname = "test/cases/parse/object_complex2.in";
                        ran =
                        (Some { Syntax.startpos =
                                { Syntax.line = 3; column = 3 };
                                endpos = { Syntax.line = 3; column = 8 } })
                        }
                      }),
                 true, (Syntax.H 1),
                 { Syntax.v = (Syntax.String "bar");
                   loc =
                   { Syntax.fname = "test/cases/parse/object_complex2.in";
                     ran =
                     (Some { Syntax.startpos =
                             { Syntax.line = 3; column = 12 };
                             endpos = { Syntax.line = 3; column = 17 } })
                     }
                   })))
          ]));
  loc =
  { Syntax.fname = "test/cases/parse/object_complex2.in";
    ran =
    (Some { Syntax.startpos = { Syntax.line = 1; column = 0 };
            endpos = { Syntax.line = 4; column = 1 } })
    }
  }