{ Syntax.v =
  (Syntax.ObjectSeq
     ({ Syntax.v = (Syntax.Var "x");
        loc =
        { Syntax.fname = "test/cases/parse/objectseq.in";
          ran =
          (Some { Syntax.startpos = { Syntax.line = 1; column = 0 };
                  endpos = { Syntax.line = 1; column = 1 } })
          }
        },
      (Syntax.ObjectMemberList
         [(Syntax.MemberField
             (Syntax.Field
                ((Syntax.FieldnameID
                    { Syntax.v = "x";
                      loc =
                      { Syntax.fname = "test/cases/parse/objectseq.in";
                        ran =
                        (Some { Syntax.startpos =
                                { Syntax.line = 1; column = 4 };
                                endpos = { Syntax.line = 1; column = 5 } })
                        }
                      }),
                 false, (Syntax.H 1),
                 { Syntax.v = (Syntax.Number 1.);
                   loc =
                   { Syntax.fname = "test/cases/parse/objectseq.in";
                     ran =
                     (Some { Syntax.startpos =
                             { Syntax.line = 1; column = 7 };
                             endpos = { Syntax.line = 1; column = 8 } })
                     }
                   })))
           ])));
  loc =
  { Syntax.fname = "test/cases/parse/objectseq.in";
    ran =
    (Some { Syntax.startpos = { Syntax.line = 1; column = 0 };
            endpos = { Syntax.line = 1; column = 10 } })
    }
  }