{ Syntax.v =
  (Syntax.Select
     ({ Syntax.v = (Syntax.Var "x");
        loc =
        { Syntax.fname = "test/cases/parse/select_single.in";
          ran =
          (Some { Syntax.startpos = { Syntax.line = 1; column = 0 };
                  endpos = { Syntax.line = 1; column = 1 } })
          }
        },
      "y"));
  loc =
  { Syntax.fname = "test/cases/parse/select_single.in";
    ran =
    (Some { Syntax.startpos = { Syntax.line = 1; column = 0 };
            endpos = { Syntax.line = 1; column = 3 } })
    }
  }