{ Syntax.v =
  (Syntax.Unary
     (Syntax.Not,
      { Syntax.v = Syntax.True;
        loc =
        (Some { Syntax.startpos =
                { Syntax.fname = "test/cases/parse/unary_not.in"; line = 1;
                  column = 1 };
                endpos =
                { Syntax.fname = "test/cases/parse/unary_not.in"; line = 1;
                  column = 5 }
                })
        }));
  loc =
  (Some { Syntax.startpos =
          { Syntax.fname = "test/cases/parse/unary_not.in"; line = 1;
            column = 0 };
          endpos =
          { Syntax.fname = "test/cases/parse/unary_not.in"; line = 1;
            column = 5 }
          })
  }