[
   true,
   false,
   null,
   "foo",
   0,
   [ ],
   [
      1,
      2,
      3
   ],
   4,
   6,
   true,
   [
      true,
      true,
      true,
      false,
      false,
      true,
      false,
      false,
      false,
      false,
      true,
      false,
      true,
      true,
      true,
      true,
      false,
      true,
      false,
      false,
      false,
      true,
      true,
      false
   ],
   [
      [
         1,
         2
      ],
      "ab"
   ],
   [
      true,
      -2,
      -1,
      1
   ],
   10,
   null,
   10,
   true,
   false,
   0,
   10,
   16,
   10,
   10,
   10,
   1,
   -10,
   3,
   { },
   {
      "a": {
         "b": 1
      }
   },
   1,
   {
      "a": 0,
      "b": 0,
      "c": 0
   },
   10,
   {
      "a": 1,
      "b": 2
   },
   {
      "y": {
         "a": 10,
         "b": 1,
         "c": 10,
         "z": 10
      }
   },
   true,
   false,
   true,
   false,
   true,
   false,
   true,
   false,
   true,
   false,
   3,
   3,
   2,
   [
      1,
      2,
      3
   ],
   "null",
   "boolean",
   "boolean",
   "number",
   "string",
   "object",
   "function",
   "array",
   [
      true
   ],
   true,
   false,
   true,
   false,
   false,
   false,
   [
      "a"
   ],
   [
      "a",
      "b"
   ],
   0,
   0,
   1,
   [
      91,
      49,
      44,
      50,
      44,
      40,
      105,
      109,
      112,
      111,
      114,
      116,
      32,
      34,
      115,
      117,
      99,
      99,
      101,
      115,
      115,
      48,
      48,
      95,
      105,
      109,
      112,
      111,
      114,
      116,
      46,
      106,
      115,
      111,
      110,
      110,
      101,
      116,
      34,
      41,
      93,
      10
   ],
   "[1,2,(import \"success00_import.jsonnet\")]\n",
   {
      "a": 3
   },
   [
      1,
      2,
      3
   ],
   {
      "a": 3,
      "b": 3,
      "c": {
         "d": 4,
         "e": 5,
         "f": 6
      },
      "f": {
         "h": 7
      }
   },
   {
      "foo": {
         "bar": 1,
         "x": 1
      }
   },
   {
      "x": {
         "a": 10
      },
      "y": {
         "a": 10,
         "x": {
            "a": 2
         }
      }
   },
   {
      "foo1": {
         "bar": 0,
         "baz": 0
      },
      "foo2": {
         "bar": 1,
         "baz": 1
      }
   }
]
